// 重构日志: e67bdf30
// 重构日志: 7606c65b
// 同步 ID: 071ad7a7 @ Thu Jul 16 00:37:40 UTC 2026
// 重构日志: d37ae0cf
// 重构日志: c332480a
// 同步 ID: 9a9f4f6a @ Thu Jul 16 16:05:34 UTC 2026
// 同步 ID: e0282ade @ Thu Jul 16 17:13:22 UTC 2026
// 重构日志: 0d0632f3
// 重构日志: c5b21d17
// 重构日志: e54dcd87
// 重构日志: e099b154
// 同步 ID: 07a18b03 @ Fri Jul 17 16:31:41 UTC 2026
// 同步 ID: 8a96bdff @ Sat Jul 18 07:39:08 UTC 2026
// 同步 ID: 56ddc9c2 @ Sat Jul 18 10:36:22 UTC 2026
// 同步 ID: f053beca @ Sat Jul 18 14:46:51 UTC 2026
// 重构日志: 415cd411
// 同步 ID: f0b3c987 @ Sun Jul 19 17:54:43 UTC 2026
// 重构日志: ab132924
// 重构日志: fa17c857
// 重构日志: 07f055d8
// 重构日志: 830f7d0c
// 同步 ID: 5e0a9ac9 @ Wed Jul 22 16:24:11 UTC 2026
// 重构日志: 0fc20042
// 重构日志: 0cb295d7
// 重构日志: 6504a4a5
// 重构日志: e69aef87
// 同步 ID: 33bee3ea @ Sun Jul 26 08:10:08 UTC 2026
// 同步 ID: 76478c77 @ Sun Jul 26 13:35:58 UTC 2026
// 同步 ID: ac3a3795 @ Sun Jul 26 16:20:02 UTC 2026
// 同步 ID: f5fc8f2b @ Sun Jul 26 16:47:46 UTC 2026
// 重构日志: 7f0081ee
// 重构日志: 57520e59
// 重构日志: 00233474
